// Jest Snapshot v1, https://goo.gl/fbAQLP

exports[`App it properly renders 1`] = `
Array [
  <ForwardRef(styled.div)>
    <Carousel
      photos={Array []}
    />
  </ForwardRef(styled.div)>,
]
`;
