// Jest Snapshot v1, https://goo.gl/fbAQLP

exports[`Carousel component should hold images 1`] = `ShallowWrapper {}`;
